[2026-05-05 21:18:49] [INFO] Logger initialized. Log file: data/server.log
[2026-05-05 21:18:49] [INFO] ========================================
[2026-05-05 21:18:49] [INFO] Course Timetable Inquiry System - Server
[2026-05-05 21:18:49] [INFO] ========================================
[2026-05-05 21:18:49] [INFO] Database file not found. Creating with sample data.
[2026-05-05 21:18:49] [INFO] Starting server on port 8888...
[2026-05-05 21:18:49] [INFO] Winsock initialized successfully.
[2026-05-05 21:18:49] [INFO] Server started successfully. Listening on port 8888
[2026-05-05 21:18:50] [INFO] Accepting client connections...
[2026-05-05 21:18:58] [INFO] New client connected from 127.0.0.1:59088
[2026-05-05 21:18:58] [INFO] Client handler started.
[2026-05-05 21:18:58] [INFO] Received: LOGIN student student123
[2026-05-05 21:18:58] [INFO] User logged in: student (Role: Student)
[2026-05-05 21:19:24] [INFO] Client disconnected.
[2026-05-05 21:19:24] [INFO] User logged out: student
[2026-05-05 21:19:24] [INFO] Client handler finished.
[2026-05-05 21:19:34] [INFO] New client connected from 127.0.0.1:52687
[2026-05-05 21:19:34] [INFO] Client handler started.
[2026-05-05 21:19:34] [INFO] Received: LOGIN student student123
[2026-05-05 21:19:34] [INFO] User logged in: student (Role: Student)
[2026-05-05 21:20:10] [INFO] Client disconnected.
[2026-05-05 21:20:10] [INFO] User logged out: student
[2026-05-05 21:20:10] [INFO] Client handler finished.
[2026-05-05 21:20:23] [INFO] New client connected from 127.0.0.1:61130
[2026-05-05 21:20:23] [INFO] Client handler started.
[2026-05-05 21:20:33] [INFO] Client disconnected.
[2026-05-05 21:20:33] [INFO] Client handler finished.
[2026-05-05 21:21:06] [INFO] New client connected from 127.0.0.1:56434
[2026-05-05 21:21:06] [INFO] Client handler started.
[2026-05-05 21:21:41] [INFO] Client disconnected.
[2026-05-05 21:21:41] [INFO] Client handler finished.
[2026-05-05 21:22:41] [INFO] New client connected from 127.0.0.1:54378
[2026-05-05 21:22:41] [INFO] Client handler started.
[2026-05-05 21:23:11] [INFO] Client disconnected.
[2026-05-05 21:23:11] [INFO] Client handler finished.
[2026-05-05 21:23:51] [INFO] New client connected from 127.0.0.1:59800
[2026-05-05 21:23:51] [INFO] Client handler started.
[2026-05-05 21:24:53] [INFO] Client disconnected.
[2026-05-05 21:24:53] [INFO] Client handler finished.
[2026-05-05 21:25:49] [INFO] New client connected from 127.0.0.1:54169
[2026-05-05 21:25:49] [INFO] Client handler started.
[2026-05-05 21:25:51] [INFO] Client disconnected.
[2026-05-05 21:25:51] [INFO] Client handler finished.
[2026-05-05 21:26:29] [INFO] Logger initialized. Log file: data/server.log
[2026-05-05 21:26:29] [INFO] ========================================
[2026-05-05 21:26:29] [INFO] Course Timetable Inquiry System - Server
[2026-05-05 21:26:29] [INFO] ========================================
[2026-05-05 21:26:29] [INFO] Loaded 11 course records from database.
[2026-05-05 21:26:29] [INFO] Starting server on port 8888...
[2026-05-05 21:26:29] [INFO] Winsock initialized successfully.
[2026-05-05 21:26:29] [INFO] Server started successfully. Listening on port 8888
[2026-05-05 21:26:29] [INFO] Accepting client connections...
[2026-05-05 21:26:33] [INFO] New client connected from 127.0.0.1:55319
[2026-05-05 21:26:33] [INFO] Client handler started.
[2026-05-05 21:26:33] [INFO] Received: LOGIN student student123
[2026-05-05 21:26:33] [INFO] User logged in: student (Role: Student)
[2026-05-05 21:26:52] [INFO] Client disconnected.
[2026-05-05 21:26:52] [INFO] User logged out: student
[2026-05-05 21:26:52] [INFO] Client handler finished.
[2026-05-05 21:27:23] [INFO] New client connected from 127.0.0.1:53921
[2026-05-05 21:27:23] [INFO] Client handler started.
[2026-05-05 21:27:23] [INFO] Received: LOGIN student student123
[2026-05-05 21:27:23] [INFO] User logged in: student (Role: Student)
[2026-05-05 21:27:50] [INFO] Client disconnected.
[2026-05-05 21:27:50] [INFO] User logged out: student
[2026-05-05 21:27:50] [INFO] Client handler finished.
[2026-05-05 21:28:41] [INFO] New client connected from 127.0.0.1:64258
[2026-05-05 21:28:41] [INFO] Client handler started.
[2026-05-05 21:28:41] [INFO] Received: LOGIN student student123
[2026-05-05 21:28:41] [INFO] User logged in: student (Role: Student)
[2026-05-05 21:29:35] [INFO] Client disconnected.
[2026-05-05 21:29:35] [INFO] User logged out: student
[2026-05-05 21:29:35] [INFO] Client handler finished.
[2026-05-05 21:29:47] [INFO] New client connected from 127.0.0.1:49550
[2026-05-05 21:29:47] [INFO] Client handler started.
[2026-05-05 21:29:47] [INFO] Received: LOGIN student student123
[2026-05-05 21:29:47] [INFO] User logged in: student (Role: Student)
[2026-05-05 21:29:58] [INFO] Client disconnected.
[2026-05-05 21:29:58] [INFO] User logged out: student
[2026-05-05 21:29:58] [INFO] Client handler finished.
[2026-05-05 21:29:58] [INFO] Winsock cleaned up.
[2026-05-05 21:29:58] [INFO] Server stopped.
[2026-05-05 21:29:58] [INFO] Server has stopped.
[2026-05-05 21:29:58] [INFO] Winsock cleaned up.
[2026-05-05 21:29:58] [INFO] Server stopped.
[2026-05-05 21:29:58] [INFO] Logger shutting down.
[2026-05-05 21:31:29] [INFO] Logger initialized. Log file: data/server.log
[2026-05-05 21:31:29] [INFO] ========================================
[2026-05-05 21:31:29] [INFO] Course Timetable Inquiry System - Server
[2026-05-05 21:31:29] [INFO] ========================================
[2026-05-05 21:31:29] [INFO] Loaded 11 course records from database.
[2026-05-05 21:31:29] [INFO] Starting server on port 8888...
[2026-05-05 21:31:29] [INFO] Winsock initialized successfully.
[2026-05-05 21:31:29] [INFO] Server started successfully. Listening on port 8888
[2026-05-05 21:31:29] [INFO] Accepting client connections...
[2026-05-05 21:31:33] [INFO] New client connected from 127.0.0.1:50951
[2026-05-05 21:31:33] [INFO] Client handler started.
[2026-05-05 21:31:33] [INFO] Received: LOGIN student student123
[2026-05-05 21:31:33] [INFO] User logged in: student (Role: Student)
[2026-05-05 21:31:55] [INFO] Client disconnected.
[2026-05-05 21:31:55] [INFO] User logged out: student
[2026-05-05 21:31:55] [INFO] Client handler finished.
[2026-05-05 21:31:55] [INFO] Winsock cleaned up.
[2026-05-05 21:31:55] [INFO] Server stopped.
[2026-05-05 21:31:55] [INFO] Server has stopped.
[2026-05-05 21:31:55] [INFO] Winsock cleaned up.
[2026-05-05 21:31:55] [INFO] Server stopped.
[2026-05-05 21:31:55] [INFO] Logger shutting down.
[2026-05-05 21:35:41] Loaded 10 courses from database
[2026-05-05 21:35:41] Initialized default users
[2026-05-05 21:35:41] Server started on port 8888
[2026-05-05 21:35:45] New client connected
[2026-05-05 21:35:45] Received: LOGIN student student123
[2026-05-05 21:35:45] User logged in: student (Role: Student)
[2026-05-05 21:35:45] Received: QUERY ALL
[2026-05-05 21:35:45] Received: LOGOUT
[2026-05-05 21:38:40] Loaded 10 courses from database
[2026-05-05 21:38:40] Initialized default users
[2026-05-05 21:38:40] Server started on port 8888
[2026-05-05 21:38:44] New client connected
[2026-05-05 21:38:44] Received: LOGIN student student123
[2026-05-05 21:38:44] User logged in: student (Role: Student)
[2026-05-05 21:38:44] Received: QUERY ALL
[2026-05-05 21:38:44] Received: LOGOUT
[2026-05-05 21:59:47] Loaded 10 courses from database
[2026-05-05 21:59:47] Initialized default users
[2026-05-05 21:59:47] Server started on port 8888
[2026-05-05 22:00:15] New client connected
[2026-05-05 22:00:37] Received: LOGIN
[2026-05-05 22:00:54] Client disconnected
[2026-05-05 22:00:54] Client handler finished
[2026-05-05 22:03:19] Loaded 10 courses from database
[2026-05-05 22:03:19] WARNING: Cannot open data/users.csv, using default users
[2026-05-05 22:03:19] Server started on port 8888
[2026-05-05 22:03:23] New client connected
[2026-05-05 22:03:23] Received: REGISTER newuser pass123
[2026-05-05 22:03:23] New user registered: newuser
[2026-05-05 22:03:23] Received: LOGIN newuser pass123
[2026-05-05 22:03:23] User logged in: newuser (Role: Student)
[2026-05-05 22:03:23] Received: QUERY ALL
[2026-05-05 22:03:23] Received: LOGOUT
[2026-05-05 22:05:52] Loaded 10 courses from database
[2026-05-05 22:05:52] Loaded 3 users from database
[2026-05-05 22:05:52] Server started on port 8888
[2026-05-05 22:05:58] New client connected
[2026-05-05 22:06:06] Received: REGISTER test 1
[2026-05-05 22:06:14] Received: REGISTER test 1234
[2026-05-05 22:06:14] New user registered: test
[2026-05-05 22:06:24] Received: LOGIN test 1234
[2026-05-05 22:06:24] User logged in: test (Role: Student)
[2026-05-05 22:06:28] Received: QUERY ALL
[2026-05-05 22:06:35] Client disconnected
[2026-05-05 22:06:35] Client handler finished
[2026-05-05 22:13:49] Loaded 10 courses from database
[2026-05-05 22:13:49] Loaded 4 users from database
[2026-05-05 22:14:00] Loaded 10 courses from database
[2026-05-05 22:14:00] Loaded 4 users from database
[2026-05-05 22:14:00] Server started on port 8888
[2026-05-05 22:27:09] Loaded 10 courses from database
[2026-05-05 22:27:09] Loaded 4 users from database
[2026-05-05 22:27:09] Server started on port 8888
[2026-05-05 22:27:15] New client connected
[2026-05-05 22:28:15] Received: LOGOUT
[2026-05-05 22:28:15] Client disconnected
[2026-05-05 22:28:15] Client handler finished
[2026-05-05 22:30:57] Loaded 10 courses from database
[2026-05-05 22:30:57] Loaded 4 users from database
[2026-05-05 22:30:57] Server started on port 8888
[2026-05-05 22:33:33] Loaded 10 courses from database
[2026-05-05 22:33:33] Loaded 4 users from database
[2026-05-05 22:33:33] Server started on port 8888
[2026-05-05 22:33:38] New client connected
[2026-05-05 22:33:50] Received: LOGIN test 1234
[2026-05-05 22:33:50] User logged in: test (Role: Student)
[2026-05-05 22:33:57] Received: QUERY ALL
[2026-05-05 22:36:31] Client disconnected
[2026-05-05 22:36:31] Client handler finished
[2026-05-05 22:36:43] Loaded 10 courses from database
[2026-05-05 22:36:43] Loaded 4 users from database
[2026-05-05 22:36:43] Server started on port 8888
[2026-05-05 22:37:17] Loaded 10 courses from database
[2026-05-05 22:37:17] Loaded 4 users from database
[2026-05-05 22:37:17] Server started on port 8888
[2026-05-05 22:37:21] New client connected
[2026-05-05 22:38:36] Client disconnected
[2026-05-05 22:38:36] Client handler finished
[2026-05-05 22:38:45] Loaded 10 courses from database
[2026-05-05 22:38:45] Loaded 4 users from database
[2026-05-05 22:38:45] Server started on port 8888
[2026-05-05 22:45:24] Loaded 10 courses from database
[2026-05-05 22:45:24] Loaded 4 users from database
[2026-05-05 22:45:24] Server started on port 8888
[2026-05-05 22:47:59] Loaded 10 courses from database
[2026-05-05 22:47:59] Loaded 4 users from database
[2026-05-05 22:47:59] Server started on port 8888
[2026-05-05 22:48:58] Loaded 10 courses from database
[2026-05-05 22:48:58] Loaded 4 users from database
[2026-05-05 22:48:58] Server started on port 8888
[2026-05-05 22:51:39] Loaded 10 courses from database
[2026-05-05 22:51:39] Loaded 4 users from database
[2026-05-05 22:51:39] Server started on port 8888
[2026-05-05 22:53:39] Loaded 10 courses from database
[2026-05-05 22:53:39] Loaded 4 users from database
[2026-05-05 22:53:39] Server started on port 8888
[2026-05-05 22:57:35] Loaded 10 courses from database
[2026-05-05 22:57:35] Loaded 4 users from database
[2026-05-05 22:57:35] Server started on port 8888
[2026-05-05 22:58:13] Loaded 10 courses from database
[2026-05-05 22:58:13] Loaded 4 users from database
[2026-05-05 22:58:13] Server started on port 8888
[2026-05-05 22:58:16] New client connected
[2026-05-05 22:58:24] Received: LOGIN test 1234
[2026-05-05 22:58:24] User logged in: test (Role: Student)
[2026-05-05 22:58:34] Received: QUERY CODE Data
[2026-05-05 22:58:40] Received: QUERY ALL
[2026-05-05 22:59:11] Received: LOGOUT
[2026-05-05 22:59:11] Client disconnected
[2026-05-05 22:59:11] Client handler finished
[2026-05-05 23:05:28] Loaded 10 courses from database
[2026-05-05 23:05:28] Loaded 4 users from database
[2026-05-05 23:05:28] Server started on port 8888
[2026-05-05 23:06:10] Loaded 10 courses from database
[2026-05-05 23:06:10] Loaded 4 users from database
[2026-05-05 23:06:10] Server started on port 8888
[2026-05-05 23:06:16] New client connected
[2026-05-05 23:06:43] Received: LOGIN test 1234
[2026-05-05 23:06:43] User logged in: test (Role: Student)
[2026-05-05 23:07:42] Client disconnected
[2026-05-05 23:07:42] Client handler finished
[2026-05-05 23:07:48] Loaded 10 courses from database
[2026-05-05 23:07:48] Loaded 4 users from database
[2026-05-05 23:07:48] Server started on port 8888
[2026-05-05 23:07:58] New client connected
[2026-05-05 23:08:05] Received: LOGOUT
[2026-05-05 23:08:05] Client disconnected
[2026-05-05 23:08:05] Client handler finished
[2026-05-05 23:09:18] Loaded 10 courses from database
[2026-05-05 23:09:18] Loaded 4 users from database
[2026-05-05 23:09:18] Server started on port 8888
[2026-05-05 23:13:18] Loaded 10 courses from database
[2026-05-05 23:13:18] Loaded 4 users from database
[2026-05-05 23:15:43] Loaded 10 courses from database
[2026-05-05 23:15:43] Loaded 4 users from database
[2026-05-05 23:15:43] Server started on port 8888
[2026-05-05 23:19:14] Loaded 10 courses from database
[2026-05-05 23:19:14] Loaded 4 users from database
[2026-05-05 23:19:14] Server started on port 8888
[2026-05-05 23:20:38] Loaded 10 courses from database
[2026-05-05 23:20:38] Loaded 4 users from database
[2026-05-05 23:20:38] Server started on port 8888
[2026-05-05 23:22:25] Loaded 10 courses from database
[2026-05-05 23:22:25] Loaded 4 users from database
[2026-05-05 23:22:25] Server started on port 8888
[2026-05-05 23:23:34] Loaded 10 courses from database
[2026-05-05 23:23:34] Loaded 4 users from database
[2026-05-05 23:23:34] Server started on port 8888
[2026-05-05 23:25:00] Loaded 10 courses from database
[2026-05-05 23:25:00] Loaded 4 users from database
[2026-05-05 23:25:00] Server started on port 8888
[2026-05-05 23:26:05] Loaded 10 courses from database
[2026-05-05 23:26:05] Loaded 4 users from database
[2026-05-05 23:26:05] Server started on port 8888
[2026-05-05 23:27:19] Loaded 10 courses from database
[2026-05-05 23:27:19] Loaded 4 users from database
[2026-05-05 23:27:19] Server started on port 8888
[2026-05-05 23:29:11] Loaded 10 courses from database
[2026-05-05 23:29:11] Loaded 4 users from database
[2026-05-05 23:29:11] Server started on port 8888
[2026-05-05 23:30:11] Loaded 10 courses from database
[2026-05-05 23:30:11] Loaded 4 users from database
[2026-05-05 23:30:57] Loaded 10 courses from database
[2026-05-05 23:30:57] Loaded 4 users from database
[2026-05-05 23:30:57] Server started on port 8888
[2026-05-05 23:31:28] Loaded 10 courses from database
[2026-05-05 23:31:28] Loaded 4 users from database
[2026-05-05 23:31:32] New client connected
[2026-05-05 23:31:41] Received: LOGIN test 1234
[2026-05-05 23:31:41] User logged in: test (Role: Student)
[2026-05-05 23:31:44] Received: QUERY ALL
[2026-05-05 23:31:50] Received: LOGOUT
[2026-05-05 23:31:50] Client disconnected
[2026-05-05 23:31:50] Client handler finished
[2026-05-05 23:32:30] Loaded 10 courses from database
[2026-05-05 23:32:30] Loaded 5 users from database
[2026-05-05 23:32:30] Server started on port 8888
[2026-05-05 23:33:15] Loaded 10 courses from database
[2026-05-05 23:33:15] Loaded 5 users from database
[2026-05-05 23:33:18] New client connected
[2026-05-05 23:33:33] Received: LOGIN admin admin123
[2026-05-05 23:33:33] User logged in: admin (Role: Admin)
[2026-05-05 23:33:41] Received: QUERY ALL
[2026-05-05 23:33:56] Received: LOGOUT
[2026-05-05 23:34:01] Received: LOGOUT
[2026-05-05 23:34:01] Client disconnected
[2026-05-05 23:34:01] Client handler finished
[2026-05-06 17:16:57] Loaded 10 courses from database
[2026-05-06 17:16:57] Loaded 5 users from database
[2026-05-06 17:16:57] Server started on port 8888
[2026-05-06 17:17:23] New client connected
[2026-05-06 17:17:27] Received: QUERY ALL
[2026-05-06 17:17:33] Received: LOGIN test 1234
[2026-05-06 17:17:33] User logged in: test (Role: Student)
[2026-05-06 17:17:34] Received: QUERY ALL
[2026-05-06 17:17:45] Received: QUERY CODE COMP3003
[2026-05-06 17:17:55] Received: QUERY TITLE Wed
[2026-05-06 17:17:56] Received: QUERY TIME Wed
[2026-05-06 17:18:07] Received: QUERY CLASSROOM Room 10
[2026-05-06 17:18:12] Received: LOGOUT
[2026-05-06 17:18:12] Client disconnected
[2026-05-06 17:18:12] Client handler finished
[2026-05-06 17:22:25] Loaded 10 courses from database
[2026-05-06 17:22:25] Loaded 5 users from database
[2026-05-06 17:22:25] Server started on port 8888
[2026-05-06 17:24:48] Loaded 10 courses from database
[2026-05-06 17:24:48] Loaded 5 users from database
[2026-05-06 17:24:48] Server started on port 8888
[2026-05-06 17:27:52] Loaded 10 courses from database
[2026-05-06 17:27:52] Loaded 5 users from database
[2026-05-06 17:27:52] Server started on port 8888
